Archive member included to satisfy reference by file (symbol)

c:/st/stm32cubeide_1.7.0/stm32cubeide/plugins/com.st.stm32cube.ide.mcu.externaltools.gnu-tools-for-stm32.9-2020-q2-update.win32_2.0.0.202105311346/tools/bin/../lib/gcc/arm-none-eabi/9.3.1/../../../../arm-none-eabi/lib/thumb/v7e-m+fp/hard\libc_nano.a(lib_a-errno.o)
                              ./Src/syscalls.o (__errno)
c:/st/stm32cubeide_1.7.0/stm32cubeide/plugins/com.st.stm32cube.ide.mcu.externaltools.gnu-tools-for-stm32.9-2020-q2-update.win32_2.0.0.202105311346/tools/bin/../lib/gcc/arm-none-eabi/9.3.1/../../../../arm-none-eabi/lib/thumb/v7e-m+fp/hard\libc_nano.a(lib_a-exit.o)
                              c:/st/stm32cubeide_1.7.0/stm32cubeide/plugins/com.st.stm32cube.ide.mcu.externaltools.gnu-tools-for-stm32.9-2020-q2-update.win32_2.0.0.202105311346/tools/bin/../lib/gcc/arm-none-eabi/9.3.1/../../../../arm-none-eabi/lib/thumb/v7e-m+fp/hard/crt0.o (exit)
c:/st/stm32cubeide_1.7.0/stm32cubeide/plugins/com.st.stm32cube.ide.mcu.externaltools.gnu-tools-for-stm32.9-2020-q2-update.win32_2.0.0.202105311346/tools/bin/../lib/gcc/arm-none-eabi/9.3.1/../../../../arm-none-eabi/lib/thumb/v7e-m+fp/hard\libc_nano.a(lib_a-impure.o)
                              c:/st/stm32cubeide_1.7.0/stm32cubeide/plugins/com.st.stm32cube.ide.mcu.externaltools.gnu-tools-for-stm32.9-2020-q2-update.win32_2.0.0.202105311346/tools/bin/../lib/gcc/arm-none-eabi/9.3.1/../../../../arm-none-eabi/lib/thumb/v7e-m+fp/hard\libc_nano.a(lib_a-exit.o) (_global_impure_ptr)
c:/st/stm32cubeide_1.7.0/stm32cubeide/plugins/com.st.stm32cube.ide.mcu.externaltools.gnu-tools-for-stm32.9-2020-q2-update.win32_2.0.0.202105311346/tools/bin/../lib/gcc/arm-none-eabi/9.3.1/../../../../arm-none-eabi/lib/thumb/v7e-m+fp/hard\libc_nano.a(lib_a-init.o)
                              c:/st/stm32cubeide_1.7.0/stm32cubeide/plugins/com.st.stm32cube.ide.mcu.externaltools.gnu-tools-for-stm32.9-2020-q2-update.win32_2.0.0.202105311346/tools/bin/../lib/gcc/arm-none-eabi/9.3.1/../../../../arm-none-eabi/lib/thumb/v7e-m+fp/hard/crt0.o (__libc_init_array)
c:/st/stm32cubeide_1.7.0/stm32cubeide/plugins/com.st.stm32cube.ide.mcu.externaltools.gnu-tools-for-stm32.9-2020-q2-update.win32_2.0.0.202105311346/tools/bin/../lib/gcc/arm-none-eabi/9.3.1/../../../../arm-none-eabi/lib/thumb/v7e-m+fp/hard\libc_nano.a(lib_a-memset.o)
                              c:/st/stm32cubeide_1.7.0/stm32cubeide/plugins/com.st.stm32cube.ide.mcu.externaltools.gnu-tools-for-stm32.9-2020-q2-update.win32_2.0.0.202105311346/tools/bin/../lib/gcc/arm-none-eabi/9.3.1/../../../../arm-none-eabi/lib/thumb/v7e-m+fp/hard/crt0.o (memset)

Allocating common symbols
Common symbol       size              file

display             0x4               ./Src/main.o
saved_time          0x8               ./Src/main.o

Discarded input sections

 .text          0x0000000000000000        0x0 c:/st/stm32cubeide_1.7.0/stm32cubeide/plugins/com.st.stm32cube.ide.mcu.externaltools.gnu-tools-for-stm32.9-2020-q2-update.win32_2.0.0.202105311346/tools/bin/../lib/gcc/arm-none-eabi/9.3.1/thumb/v7e-m+fp/hard/crti.o
 .data          0x0000000000000000        0x0 c:/st/stm32cubeide_1.7.0/stm32cubeide/plugins/com.st.stm32cube.ide.mcu.externaltools.gnu-tools-for-stm32.9-2020-q2-update.win32_2.0.0.202105311346/tools/bin/../lib/gcc/arm-none-eabi/9.3.1/thumb/v7e-m+fp/hard/crti.o
 .bss           0x0000000000000000        0x0 c:/st/stm32cubeide_1.7.0/stm32cubeide/plugins/com.st.stm32cube.ide.mcu.externaltools.gnu-tools-for-stm32.9-2020-q2-update.win32_2.0.0.202105311346/tools/bin/../lib/gcc/arm-none-eabi/9.3.1/thumb/v7e-m+fp/hard/crti.o
 .data          0x0000000000000000        0x4 c:/st/stm32cubeide_1.7.0/stm32cubeide/plugins/com.st.stm32cube.ide.mcu.externaltools.gnu-tools-for-stm32.9-2020-q2-update.win32_2.0.0.202105311346/tools/bin/../lib/gcc/arm-none-eabi/9.3.1/thumb/v7e-m+fp/hard/crtbegin.o
 .text          0x0000000000000000       0x7c c:/st/stm32cubeide_1.7.0/stm32cubeide/plugins/com.st.stm32cube.ide.mcu.externaltools.gnu-tools-for-stm32.9-2020-q2-update.win32_2.0.0.202105311346/tools/bin/../lib/gcc/arm-none-eabi/9.3.1/../../../../arm-none-eabi/lib/thumb/v7e-m+fp/hard/crt0.o
 .data          0x0000000000000000        0x0 c:/st/stm32cubeide_1.7.0/stm32cubeide/plugins/com.st.stm32cube.ide.mcu.externaltools.gnu-tools-for-stm32.9-2020-q2-update.win32_2.0.0.202105311346/tools/bin/../lib/gcc/arm-none-eabi/9.3.1/../../../../arm-none-eabi/lib/thumb/v7e-m+fp/hard/crt0.o
 .bss           0x0000000000000000        0x0 c:/st/stm32cubeide_1.7.0/stm32cubeide/plugins/com.st.stm32cube.ide.mcu.externaltools.gnu-tools-for-stm32.9-2020-q2-update.win32_2.0.0.202105311346/tools/bin/../lib/gcc/arm-none-eabi/9.3.1/../../../../arm-none-eabi/lib/thumb/v7e-m+fp/hard/crt0.o
[...]
Memory Configuration

Name             Origin             Length             Attributes
FLASH            0x0000000008000000 0x0000000000010000 xr
CCMRAM           0x0000000010000000 0x0000000000001000 xrw
RAM              0x0000000020000000 0x0000000000003000 xrw
*default*        0x0000000000000000 0xffffffffffffffff

Linker script and memory map

LOAD c:/st/stm32cubeide_1.7.0/stm32cubeide/plugins/com.st.stm32cube.ide.mcu.externaltools.gnu-tools-for-stm32.9-2020-q2-update.win32_2.0.0.202105311346/tools/bin/../lib/gcc/arm-none-eabi/9.3.1/thumb/v7e-m+fp/hard/crti.o
LOAD c:/st/stm32cubeide_1.7.0/stm32cubeide/plugins/com.st.stm32cube.ide.mcu.externaltools.gnu-tools-for-stm32.9-2020-q2-update.win32_2.0.0.202105311346/tools/bin/../lib/gcc/arm-none-eabi/9.3.1/thumb/v7e-m+fp/hard/crtbegin.o
LOAD c:/st/stm32cubeide_1.7.0/stm32cubeide/plugins/com.st.stm32cube.ide.mcu.externaltools.gnu-tools-for-stm32.9-2020-q2-update.win32_2.0.0.202105311346/tools/bin/../lib/gcc/arm-none-eabi/9.3.1/../../../../arm-none-eabi/lib/thumb/v7e-m+fp/hard/crt0.o
LOAD ./Drivers/STM32F3xx_HAL_Driver/Src/stm32f3xx_ll_exti.o
LOAD ./Drivers/STM32F3xx_HAL_Driver/Src/stm32f3xx_ll_gpio.o
LOAD ./Drivers/STM32F3xx_HAL_Driver/Src/stm32f3xx_ll_rcc.o
LOAD ./Drivers/STM32F3xx_HAL_Driver/Src/stm32f3xx_ll_tim.o
LOAD ./Drivers/STM32F3xx_HAL_Driver/Src/stm32f3xx_ll_utils.o
LOAD ./Src/display.o
LOAD ./Src/gpio.o
LOAD ./Src/main.o
LOAD ./Src/stm32f3xx_it.o
LOAD ./Src/syscalls.o
LOAD ./Src/sysmem.o
LOAD ./Src/system_stm32f3xx.o
LOAD ./Src/tim.o
LOAD ./Startup/startup_stm32f303k8tx.o
START GROUP
LOAD c:/st/stm32cubeide_1.7.0/stm32cubeide/plugins/com.st.stm32cube.ide.mcu.externaltools.gnu-tools-for-stm32.9-2020-q2-update.win32_2.0.0.202105311346/tools/bin/../lib/gcc/arm-none-eabi/9.3.1/../../../../arm-none-eabi/lib/thumb/v7e-m+fp/hard\libc_nano.a
LOAD c:/st/stm32cubeide_1.7.0/stm32cubeide/plugins/com.st.stm32cube.ide.mcu.externaltools.gnu-tools-for-stm32.9-2020-q2-update.win32_2.0.0.202105311346/tools/bin/../lib/gcc/arm-none-eabi/9.3.1/../../../../arm-none-eabi/lib/thumb/v7e-m+fp/hard\libm.a
END GROUP
START GROUP
LOAD c:/st/stm32cubeide_1.7.0/stm32cubeide/plugins/com.st.stm32cube.ide.mcu.externaltools.gnu-tools-for-stm32.9-2020-q2-update.win32_2.0.0.202105311346/tools/bin/../lib/gcc/arm-none-eabi/9.3.1/thumb/v7e-m+fp/hard\libgcc.a
LOAD c:/st/stm32cubeide_1.7.0/stm32cubeide/plugins/com.st.stm32cube.ide.mcu.externaltools.gnu-tools-for-stm32.9-2020-q2-update.win32_2.0.0.202105311346/tools/bin/../lib/gcc/arm-none-eabi/9.3.1/../../../../arm-none-eabi/lib/thumb/v7e-m+fp/hard\libc_nano.a
END GROUP
START GROUP
LOAD c:/st/stm32cubeide_1.7.0/stm32cubeide/plugins/com.st.stm32cube.ide.mcu.externaltools.gnu-tools-for-stm32.9-2020-q2-update.win32_2.0.0.202105311346/tools/bin/../lib/gcc/arm-none-eabi/9.3.1/thumb/v7e-m+fp/hard\libgcc.a
LOAD c:/st/stm32cubeide_1.7.0/stm32cubeide/plugins/com.st.stm32cube.ide.mcu.externaltools.gnu-tools-for-stm32.9-2020-q2-update.win32_2.0.0.202105311346/tools/bin/../lib/gcc/arm-none-eabi/9.3.1/../../../../arm-none-eabi/lib/thumb/v7e-m+fp/hard\libc_nano.a
LOAD c:/st/stm32cubeide_1.7.0/stm32cubeide/plugins/com.st.stm32cube.ide.mcu.externaltools.gnu-tools-for-stm32.9-2020-q2-update.win32_2.0.0.202105311346/tools/bin/../lib/gcc/arm-none-eabi/9.3.1/../../../../arm-none-eabi/lib/thumb/v7e-m+fp/hard\libnosys.a
END GROUP
START GROUP
LOAD c:/st/stm32cubeide_1.7.0/stm32cubeide/plugins/com.st.stm32cube.ide.mcu.externaltools.gnu-tools-for-stm32.9-2020-q2-update.win32_2.0.0.202105311346/tools/bin/../lib/gcc/arm-none-eabi/9.3.1/thumb/v7e-m+fp/hard\libgcc.a
LOAD c:/st/stm32cubeide_1.7.0/stm32cubeide/plugins/com.st.stm32cube.ide.mcu.externaltools.gnu-tools-for-stm32.9-2020-q2-update.win32_2.0.0.202105311346/tools/bin/../lib/gcc/arm-none-eabi/9.3.1/../../../../arm-none-eabi/lib/thumb/v7e-m+fp/hard\libc_nano.a
LOAD c:/st/stm32cubeide_1.7.0/stm32cubeide/plugins/com.st.stm32cube.ide.mcu.externaltools.gnu-tools-for-stm32.9-2020-q2-update.win32_2.0.0.202105311346/tools/bin/../lib/gcc/arm-none-eabi/9.3.1/../../../../arm-none-eabi/lib/thumb/v7e-m+fp/hard\libnosys.a
END GROUP
LOAD c:/st/stm32cubeide_1.7.0/stm32cubeide/plugins/com.st.stm32cube.ide.mcu.externaltools.gnu-tools-for-stm32.9-2020-q2-update.win32_2.0.0.202105311346/tools/bin/../lib/gcc/arm-none-eabi/9.3.1/thumb/v7e-m+fp/hard/crtend.o
LOAD c:/st/stm32cubeide_1.7.0/stm32cubeide/plugins/com.st.stm32cube.ide.mcu.externaltools.gnu-tools-for-stm32.9-2020-q2-update.win32_2.0.0.202105311346/tools/bin/../lib/gcc/arm-none-eabi/9.3.1/thumb/v7e-m+fp/hard/crtn.o
                0x0000000020003000                _estack = 0x20003000
                0x0000000000000200                _Min_Heap_Size = 0x200
                0x0000000000000400                _Min_Stack_Size = 0x400

.isr_vector     0x0000000008000000      0x188
                0x0000000008000000                . = ALIGN (0x4)
 *(.isr_vector)
 .isr_vector    0x0000000008000000      0x188 ./Startup/startup_stm32f303k8tx.o
                0x0000000008000000                g_pfnVectors
                0x0000000008000188                . = ALIGN (0x4)

.text           0x0000000008000188     0x25c0
                0x0000000008000188                . = ALIGN (0x4)
 *(.text)
 .text          0x0000000008000188       0x40 c:/st/stm32cubeide_1.7.0/stm32cubeide/plugins/com.st.stm32cube.ide.mcu.externaltools.gnu-tools-for-stm32.9-2020-q2-update.win32_2.0.0.202105311346/tools/bin/../lib/gcc/arm-none-eabi/9.3.1/thumb/v7e-m+fp/hard/crtbegin.o
 *(.text*)
 .text.LL_GPIO_SetPinMode
                0x00000000080001c8       0x5a ./Drivers/STM32F3xx_HAL_Driver/Src/stm32f3xx_ll_gpio.o
 .text.LL_GPIO_SetPinOutputType
                0x0000000008000222       0x30 ./Drivers/STM32F3xx_HAL_Driver/Src/stm32f3xx_ll_gpio.o
 .text.LL_GPIO_SetPinSpeed
                0x0000000008000252       0x5a ./Drivers/STM32F3xx_HAL_Driver/Src/stm32f3xx_ll_gpio.o
 .text.LL_GPIO_SetPinPull
                0x00000000080002ac       0x5a ./Drivers/STM32F3xx_HAL_Driver/Src/stm32f3xx_ll_gpio.o
 .text.LL_GPIO_SetAFPin_0_7
                0x0000000008000306       0x5a ./Drivers/STM32F3xx_HAL_Driver/Src/stm32f3xx_ll_gpio.o
 .text.LL_GPIO_SetAFPin_8_15
                0x0000000008000360       0x5e ./Drivers/STM32F3xx_HAL_Driver/Src/stm32f3xx_ll_gpio.o
 .text.LL_GPIO_Init
                0x00000000080003be       0xf4 ./Drivers/STM32F3xx_HAL_Driver/Src/stm32f3xx_ll_gpio.o
                0x00000000080003be                LL_GPIO_Init
 .text.LL_TIM_SetPrescaler
                0x00000000080004b2       0x1c ./Drivers/STM32F3xx_HAL_Driver/Src/stm32f3xx_ll_tim.o
 .text.LL_TIM_SetAutoReload
                0x00000000080004ce       0x1c ./Drivers/STM32F3xx_HAL_Driver/Src/stm32f3xx_ll_tim.o
 .text.LL_TIM_SetRepetitionCounter
                0x00000000080004ea       0x1c ./Drivers/STM32F3xx_HAL_Driver/Src/stm32f3xx_ll_tim.o
 .text.LL_TIM_OC_SetCompareCH1
                0x0000000008000506       0x1c ./Drivers/STM32F3xx_HAL_Driver/Src/stm32f3xx_ll_tim.o
 .text.LL_TIM_OC_SetCompareCH2
                0x0000000008000522       0x1c ./Drivers/STM32F3xx_HAL_Driver/Src/stm32f3xx_ll_tim.o
 .text.LL_TIM_OC_SetCompareCH3
                0x000000000800053e       0x1c ./Drivers/STM32F3xx_HAL_Driver/Src/stm32f3xx_ll_tim.o
 .text.LL_TIM_OC_SetCompareCH4
                0x000000000800055a       0x1c ./Drivers/STM32F3xx_HAL_Driver/Src/stm32f3xx_ll_tim.o
 .text.LL_TIM_OC_SetCompareCH5
                0x0000000008000576       0x1c ./Drivers/STM32F3xx_HAL_Driver/Src/stm32f3xx_ll_tim.o
 .text.LL_TIM_OC_SetCompareCH6
                0x0000000008000592       0x1c ./Drivers/STM32F3xx_HAL_Driver/Src/stm32f3xx_ll_tim.o
 .text.LL_TIM_GenerateEvent_UPDATE
                0x00000000080005ae       0x20 ./Drivers/STM32F3xx_HAL_Driver/Src/stm32f3xx_ll_tim.o
 *fill*         0x00000000080005ce        0x2 
 .text.LL_TIM_Init
                0x00000000080005d0       0xe8 ./Drivers/STM32F3xx_HAL_Driver/Src/stm32f3xx_ll_tim.o
                0x00000000080005d0                LL_TIM_Init
 .text.LL_TIM_OC_Init
                0x00000000080006b8       0xbe ./Drivers/STM32F3xx_HAL_Driver/Src/stm32f3xx_ll_tim.o
                0x00000000080006b8                LL_TIM_OC_Init
 *fill*         0x0000000008000776        0x2 
 .text.OC1Config
                0x0000000008000778      0x100 ./Drivers/STM32F3xx_HAL_Driver/Src/stm32f3xx_ll_tim.o
 .text.OC2Config
                0x0000000008000878      0x108 ./Drivers/STM32F3xx_HAL_Driver/Src/stm32f3xx_ll_tim.o
 .text.OC3Config
                0x0000000008000980      0x108 ./Drivers/STM32F3xx_HAL_Driver/Src/stm32f3xx_ll_tim.o
 .text.OC4Config
                0x0000000008000a88       0xd8 ./Drivers/STM32F3xx_HAL_Driver/Src/stm32f3xx_ll_tim.o
 .text.OC5Config
                0x0000000008000b60       0xc4 ./Drivers/STM32F3xx_HAL_Driver/Src/stm32f3xx_ll_tim.o
 .text.OC6Config
                0x0000000008000c24       0xc4 ./Drivers/STM32F3xx_HAL_Driver/Src/stm32f3xx_ll_tim.o
 .text.LL_InitTick
                0x0000000008000ce8       0x34 ./Drivers/STM32F3xx_HAL_Driver/Src/stm32f3xx_ll_utils.o
 .text.LL_Init1msTick
                0x0000000008000d1c       0x1a ./Drivers/STM32F3xx_HAL_Driver/Src/stm32f3xx_ll_utils.o
                0x0000000008000d1c                LL_Init1msTick
 *fill*         0x0000000008000d36        0x2 
 .text.LL_mDelay
                0x0000000008000d38       0x4c ./Drivers/STM32F3xx_HAL_Driver/Src/stm32f3xx_ll_utils.o
                0x0000000008000d38                LL_mDelay
 .text.LL_SetSystemCoreClock
                0x0000000008000d84       0x20 ./Drivers/STM32F3xx_HAL_Driver/Src/stm32f3xx_ll_utils.o
                0x0000000008000d84                LL_SetSystemCoreClock
 .text.LL_TIM_ClearFlag_UPDATE
                0x0000000008000da4       0x1c ./Src/display.o
 .text.LL_TIM_IsActiveFlag_UPDATE
                0x0000000008000dc0       0x26 ./Src/display.o
 .text.LL_GPIO_SetOutputPin
                0x0000000008000de6       0x1c ./Src/display.o
 .text.LL_GPIO_ResetOutputPin
                0x0000000008000e02       0x1c ./Src/display.o
 *fill*         0x0000000008000e1e        0x2 
 .text.resetSegments
                0x0000000008000e20       0x5c ./Src/display.o
                0x0000000008000e20                resetSegments
 .text.setSegments
                0x0000000008000e7c       0x5c ./Src/display.o
                0x0000000008000e7c                setSegments
 .text.resetDigits
                0x0000000008000ed8       0x3a ./Src/display.o
                0x0000000008000ed8                resetDigits
 .text.setDigits
                0x0000000008000f12       0x3a ./Src/display.o
                0x0000000008000f12                setDigits
 .text.setDecimalPoint
                0x0000000008000f4c       0x14 ./Src/display.o
                0x0000000008000f4c                setDecimalPoint
 .text.setOne   0x0000000008000f60       0x1e ./Src/display.o
                0x0000000008000f60                setOne
 *fill*         0x0000000008000f7e        0x2 
 .text.setTwo   0x0000000008000f80       0x3c ./Src/display.o
                0x0000000008000f80                setTwo
 .text.setThree
                0x0000000008000fbc       0x3c ./Src/display.o
                0x0000000008000fbc                setThree
 .text.setFour  0x0000000008000ff8       0x34 ./Src/display.o
                0x0000000008000ff8                setFour
 .text.setFive  0x000000000800102c       0x3c ./Src/display.o
                0x000000000800102c                setFive
 .text.setSix   0x0000000008001068       0x48 ./Src/display.o
                0x0000000008001068                setSix
 .text.setSeven
                0x00000000080010b0       0x28 ./Src/display.o
                0x00000000080010b0                setSeven
 .text.setEight
                0x00000000080010d8       0x54 ./Src/display.o
                0x00000000080010d8                setEight
 .text.setNine  0x000000000800112c       0x40 ./Src/display.o
                0x000000000800112c                setNine
 .text.setZero  0x000000000800116c       0x4c ./Src/display.o
                0x000000000800116c                setZero
 .text.setCapital_a
                0x00000000080011b8       0x4c ./Src/display.o
                0x00000000080011b8                setCapital_a
 .text.setSmall_a
                0x0000000008001204       0x48 ./Src/display.o
                0x0000000008001204                setSmall_a
 .text.setSmall_b
                0x000000000800124c       0x40 ./Src/display.o
                0x000000000800124c                setSmall_b
 .text.setCapital_c
                0x000000000800128c       0x34 ./Src/display.o
                0x000000000800128c                setCapital_c
 .text.setSmall_c
                0x00000000080012c0       0x28 ./Src/display.o
                0x00000000080012c0                setSmall_c
 .text.setSmall_d
                0x00000000080012e8       0x40 ./Src/display.o
                0x00000000080012e8                setSmall_d
 .text.setCapital_e
                0x0000000008001328       0x3c ./Src/display.o
                0x0000000008001328                setCapital_e
 .text.setCapital_f
                0x0000000008001364       0x34 ./Src/display.o
                0x0000000008001364                setCapital_f
 .text.setCapital_g
                0x0000000008001398       0x40 ./Src/display.o
                0x0000000008001398                setCapital_g
 .text.setCapital_h
                0x00000000080013d8       0x40 ./Src/display.o
                0x00000000080013d8                setCapital_h
 .text.setSmall_h
                0x0000000008001418       0x38 ./Src/display.o
                0x0000000008001418                setSmall_h
 .text.setCapital_i
                0x0000000008001450       0x1e ./Src/display.o
                0x0000000008001450                setCapital_i
 *fill*         0x000000000800146e        0x2 
 .text.setCapital_j
                0x0000000008001470       0x38 ./Src/display.o
                0x0000000008001470                setCapital_j
 .text.setCapital_l
                0x00000000080014a8       0x2c ./Src/display.o
                0x00000000080014a8                setCapital_l
 .text.setSmall_n
                0x00000000080014d4       0x2c ./Src/display.o
                0x00000000080014d4                setSmall_n
 .text.setCapital_o
                0x0000000008001500       0x4c ./Src/display.o
                0x0000000008001500                setCapital_o
 .text.setSmall_o
                0x000000000800154c       0x34 ./Src/display.o
                0x000000000800154c                setSmall_o
 .text.setCapital_p
                0x0000000008001580       0x40 ./Src/display.o
                0x0000000008001580                setCapital_p
 .text.setSmall_q
                0x00000000080015c0       0x40 ./Src/display.o
                0x00000000080015c0                setSmall_q
 .text.setSmall_r
                0x0000000008001600       0x20 ./Src/display.o
                0x0000000008001600                setSmall_r
 .text.setCapital_s
                0x0000000008001620       0x3c ./Src/display.o
                0x0000000008001620                setCapital_s
 .text.setSmall_t
                0x000000000800165c       0x34 ./Src/display.o
                0x000000000800165c                setSmall_t
 .text.setCapital_u
                0x0000000008001690       0x40 ./Src/display.o
                0x0000000008001690                setCapital_u
 .text.setSmall_u
                0x00000000080016d0       0x2c ./Src/display.o
                0x00000000080016d0                setSmall_u
 .text.setSmall_y
                0x00000000080016fc       0x3c ./Src/display.o
                0x00000000080016fc                setSmall_y
 .text.setCapital_k
                0x0000000008001738       0x40 ./Src/display.o
                0x0000000008001738                setCapital_k
 .text.setCapital_m
                0x0000000008001778       0x2a ./Src/display.o
                0x0000000008001778                setCapital_m
 *fill*         0x00000000080017a2        0x2 
 .text.setCapital_v
                0x00000000080017a4       0x34 ./Src/display.o
                0x00000000080017a4                setCapital_v
 .text.setCapital_w
                0x00000000080017d8       0x28 ./Src/display.o
                0x00000000080017d8                setCapital_w
 .text.setCapital_x
                0x0000000008001800       0x40 ./Src/display.o
                0x0000000008001800                setCapital_x
 .text.setCapital_z
                0x0000000008001840       0x30 ./Src/display.o
                0x0000000008001840                setCapital_z
 .text.setUnderline
                0x0000000008001870       0x14 ./Src/display.o
                0x0000000008001870                setUnderline
 .text.displayName
                0x0000000008001884       0x54 ./Src/display.o
                0x0000000008001884                displayName
 .text.setDigit
                0x00000000080018d8       0x60 ./Src/display.o
                0x00000000080018d8                setDigit
 .text.updateDisplay
                0x0000000008001938      0x3fc ./Src/display.o
                0x0000000008001938                updateDisplay
 .text.TIM3_IRQHandler
                0x0000000008001d34       0x24 ./Src/display.o
                0x0000000008001d34                TIM3_IRQHandler
 .text.LL_AHB1_GRP1_EnableClock
                0x0000000008001d58       0x30 ./Src/gpio.o
 .text.LL_GPIO_ResetOutputPin
                0x0000000008001d88       0x1c ./Src/gpio.o
 .text.MX_GPIO_Init
                0x0000000008001da4       0x88 ./Src/gpio.o
                0x0000000008001da4                MX_GPIO_Init
 .text.NVIC_SetPriorityGrouping
                0x0000000008001e2c       0x48 ./Src/main.o
 .text.LL_RCC_HSI_Enable
                0x0000000008001e74       0x20 ./Src/main.o
 .text.LL_RCC_HSI_IsReady
                0x0000000008001e94       0x24 ./Src/main.o
 .text.LL_RCC_HSI_SetCalibTrimming
                0x0000000008001eb8       0x2c ./Src/main.o
 .text.LL_RCC_SetSysClkSource
                0x0000000008001ee4       0x28 ./Src/main.o
 .text.LL_RCC_GetSysClkSource
                0x0000000008001f0c       0x1c ./Src/main.o
 .text.LL_RCC_SetAHBPrescaler
                0x0000000008001f28       0x28 ./Src/main.o
 .text.LL_RCC_SetAPB1Prescaler
                0x0000000008001f50       0x28 ./Src/main.o
 .text.LL_RCC_SetAPB2Prescaler
                0x0000000008001f78       0x28 ./Src/main.o
 .text.LL_APB1_GRP1_EnableClock
                0x0000000008001fa0       0x30 ./Src/main.o
 .text.LL_APB2_GRP1_EnableClock
                0x0000000008001fd0       0x30 ./Src/main.o
 .text.LL_FLASH_SetLatency
                0x0000000008002000       0x28 ./Src/main.o
 .text.LL_FLASH_GetLatency
                0x0000000008002028       0x1c ./Src/main.o
 .text.LL_SYSTICK_SetClkSource
                0x0000000008002044       0x38 ./Src/main.o
 .text.LL_SYSTICK_EnableIT
                0x000000000800207c       0x20 ./Src/main.o
 .text.main     0x000000000800209c       0xf4 ./Src/main.o
                0x000000000800209c                main
 .text.SystemClock_Config
                0x0000000008002190       0x70 ./Src/main.o
                0x0000000008002190                SystemClock_Config
 .text.Error_Handler
                0x0000000008002200        0xe ./Src/main.o
                0x0000000008002200                Error_Handler
 .text.NMI_Handler
                0x000000000800220e        0xe ./Src/stm32f3xx_it.o
                0x000000000800220e                NMI_Handler
 .text.HardFault_Handler
                0x000000000800221c        0x6 ./Src/stm32f3xx_it.o
                0x000000000800221c                HardFault_Handler
 .text.MemManage_Handler
                0x0000000008002222        0x6 ./Src/stm32f3xx_it.o
                0x0000000008002222                MemManage_Handler
 .text.BusFault_Handler
                0x0000000008002228        0x6 ./Src/stm32f3xx_it.o
                0x0000000008002228                BusFault_Handler
 .text.UsageFault_Handler
                0x000000000800222e        0x6 ./Src/stm32f3xx_it.o
                0x000000000800222e                UsageFault_Handler
 .text.SVC_Handler
                0x0000000008002234        0xe ./Src/stm32f3xx_it.o
                0x0000000008002234                SVC_Handler
 .text.DebugMon_Handler
                0x0000000008002242        0xe ./Src/stm32f3xx_it.o
                0x0000000008002242                DebugMon_Handler
 .text.PendSV_Handler
                0x0000000008002250        0xe ./Src/stm32f3xx_it.o
                0x0000000008002250                PendSV_Handler
 *fill*         0x000000000800225e        0x2 
 .text.SysTick_Handler
                0x0000000008002260       0x24 ./Src/stm32f3xx_it.o
                0x0000000008002260                SysTick_Handler
 .text.SystemInit
                0x0000000008002284       0x94 ./Src/system_stm32f3xx.o
                0x0000000008002284                SystemInit
 .text.NVIC_GetPriorityGrouping
                0x0000000008002318       0x1c ./Src/tim.o
 .text.NVIC_EnableIRQ
                0x0000000008002334       0x34 ./Src/tim.o
 .text.NVIC_SetPriority
                0x0000000008002368       0x54 ./Src/tim.o
 .text.NVIC_EncodePriority
                0x00000000080023bc       0x66 ./Src/tim.o
 *fill*         0x0000000008002422        0x2 
 .text.LL_APB1_GRP1_EnableClock
                0x0000000008002424       0x30 ./Src/tim.o
 .text.LL_TIM_EnableCounter
                0x0000000008002454       0x20 ./Src/tim.o
 .text.LL_TIM_EnableARRPreload
                0x0000000008002474       0x20 ./Src/tim.o
 .text.LL_TIM_OC_DisableFast
                0x0000000008002494       0x9c ./Src/tim.o
 .text.LL_TIM_SetClockSource
                0x0000000008002530       0x2a ./Src/tim.o
 .text.LL_TIM_SetTriggerOutput
                0x000000000800255a       0x26 ./Src/tim.o
 .text.LL_TIM_DisableMasterSlaveMode
                0x0000000008002580       0x20 ./Src/tim.o
 .text.LL_TIM_EnableIT_UPDATE
                0x00000000080025a0       0x20 ./Src/tim.o
 .text.MX_TIM3_Init
                0x00000000080025c0       0xc4 ./Src/tim.o
                0x00000000080025c0                MX_TIM3_Init
 .text.Reset_Handler
                0x0000000008002684       0x50 ./Startup/startup_stm32f303k8tx.o
                0x0000000008002684                Reset_Handler
 .text.Default_Handler
                0x00000000080026d4        0x2 ./Startup/startup_stm32f303k8tx.o
                0x00000000080026d4                RTC_Alarm_IRQHandler
                0x00000000080026d4                TIM1_CC_IRQHandler
                0x00000000080026d4                PVD_IRQHandler
                0x00000000080026d4                TAMP_STAMP_IRQHandler
                0x00000000080026d4                EXTI3_IRQHandler
                0x00000000080026d4                EXTI0_IRQHandler
                0x00000000080026d4                FPU_IRQHandler
                0x00000000080026d4                CAN_TX_IRQHandler
                0x00000000080026d4                TIM1_UP_TIM16_IRQHandler
                0x00000000080026d4                ADC1_2_IRQHandler
                0x00000000080026d4                SPI1_IRQHandler
                0x00000000080026d4                CAN_SCE_IRQHandler
                0x00000000080026d4                DMA1_Channel4_IRQHandler
                0x00000000080026d4                USART3_IRQHandler
                0x00000000080026d4                DMA1_Channel7_IRQHandler
                0x00000000080026d4                TIM7_DAC2_IRQHandler
                0x00000000080026d4                CAN_RX1_IRQHandler
                0x00000000080026d4                I2C1_EV_IRQHandler
                0x00000000080026d4                DMA1_Channel6_IRQHandler
                0x00000000080026d4                RCC_IRQHandler
                0x00000000080026d4                DMA1_Channel1_IRQHandler
                0x00000000080026d4                Default_Handler
                0x00000000080026d4                EXTI15_10_IRQHandler
                0x00000000080026d4                COMP2_IRQHandler
                0x00000000080026d4                TIM6_DAC1_IRQHandler
                0x00000000080026d4                EXTI9_5_IRQHandler
                0x00000000080026d4                RTC_WKUP_IRQHandler
                0x00000000080026d4                DMA1_Channel5_IRQHandler
                0x00000000080026d4                EXTI4_IRQHandler
                0x00000000080026d4                TIM1_TRG_COM_TIM17_IRQHandler
                0x00000000080026d4                DMA1_Channel3_IRQHandler
                0x00000000080026d4                WWDG_IRQHandler
                0x00000000080026d4                TIM2_IRQHandler
                0x00000000080026d4                EXTI1_IRQHandler
                0x00000000080026d4                COMP4_6_IRQHandler
                0x00000000080026d4                USART2_IRQHandler
                0x00000000080026d4                DMA1_Channel2_IRQHandler
                0x00000000080026d4                FLASH_IRQHandler
                0x00000000080026d4                USART1_IRQHandler
                0x00000000080026d4                CAN_RX0_IRQHandler
                0x00000000080026d4                I2C1_ER_IRQHandler
                0x00000000080026d4                EXTI2_TSC_IRQHandler
                0x00000000080026d4                TIM1_BRK_TIM15_IRQHandler
 *fill*         0x00000000080026d6        0x2 
 .text.__libc_init_array
                0x00000000080026d8       0x48 c:/st/stm32cubeide_1.7.0/stm32cubeide/plugins/com.st.stm32cube.ide.mcu.externaltools.gnu-tools-for-stm32.9-2020-q2-update.win32_2.0.0.202105311346/tools/bin/../lib/gcc/arm-none-eabi/9.3.1/../../../../arm-none-eabi/lib/thumb/v7e-m+fp/hard\libc_nano.a(lib_a-init.o)
                0x00000000080026d8                __libc_init_array
 .text.memset   0x0000000008002720       0x10 c:/st/stm32cubeide_1.7.0/stm32cubeide/plugins/com.st.stm32cube.ide.mcu.externaltools.gnu-tools-for-stm32.9-2020-q2-update.win32_2.0.0.202105311346/tools/bin/../lib/gcc/arm-none-eabi/9.3.1/../../../../arm-none-eabi/lib/thumb/v7e-m+fp/hard\libc_nano.a(lib_a-memset.o)
                0x0000000008002720                memset
 *(.glue_7)
 .glue_7        0x0000000008002730        0x0 linker stubs
 *(.glue_7t)
 .glue_7t       0x0000000008002730        0x0 linker stubs
 *(.eh_frame)
 .eh_frame      0x0000000008002730        0x0 c:/st/stm32cubeide_1.7.0/stm32cubeide/plugins/com.st.stm32cube.ide.mcu.externaltools.gnu-tools-for-stm32.9-2020-q2-update.win32_2.0.0.202105311346/tools/bin/../lib/gcc/arm-none-eabi/9.3.1/thumb/v7e-m+fp/hard/crtbegin.o
 *(.init)
 .init          0x0000000008002730        0x4 c:/st/stm32cubeide_1.7.0/stm32cubeide/plugins/com.st.stm32cube.ide.mcu.externaltools.gnu-tools-for-stm32.9-2020-q2-update.win32_2.0.0.202105311346/tools/bin/../lib/gcc/arm-none-eabi/9.3.1/thumb/v7e-m+fp/hard/crti.o
                0x0000000008002730                _init
 .init          0x0000000008002734        0x8 c:/st/stm32cubeide_1.7.0/stm32cubeide/plugins/com.st.stm32cube.ide.mcu.externaltools.gnu-tools-for-stm32.9-2020-q2-update.win32_2.0.0.202105311346/tools/bin/../lib/gcc/arm-none-eabi/9.3.1/thumb/v7e-m+fp/hard/crtn.o
 *(.fini)
 .fini          0x000000000800273c        0x4 c:/st/stm32cubeide_1.7.0/stm32cubeide/plugins/com.st.stm32cube.ide.mcu.externaltools.gnu-tools-for-stm32.9-2020-q2-update.win32_2.0.0.202105311346/tools/bin/../lib/gcc/arm-none-eabi/9.3.1/thumb/v7e-m+fp/hard/crti.o
                0x000000000800273c                _fini
 .fini          0x0000000008002740        0x8 c:/st/stm32cubeide_1.7.0/stm32cubeide/plugins/com.st.stm32cube.ide.mcu.externaltools.gnu-tools-for-stm32.9-2020-q2-update.win32_2.0.0.202105311346/tools/bin/../lib/gcc/arm-none-eabi/9.3.1/thumb/v7e-m+fp/hard/crtn.o
                0x0000000008002748                . = ALIGN (0x4)
                0x0000000008002748                _etext = .

.vfp11_veneer   0x0000000008002748        0x0
 .vfp11_veneer  0x0000000008002748        0x0 linker stubs

.v4_bx          0x0000000008002748        0x0
 .v4_bx         0x0000000008002748        0x0 linker stubs

.iplt           0x0000000008002748        0x0
 .iplt          0x0000000008002748        0x0 c:/st/stm32cubeide_1.7.0/stm32cubeide/plugins/com.st.stm32cube.ide.mcu.externaltools.gnu-tools-for-stm32.9-2020-q2-update.win32_2.0.0.202105311346/tools/bin/../lib/gcc/arm-none-eabi/9.3.1/thumb/v7e-m+fp/hard/crtbegin.o

.rodata         0x0000000008002748       0x18
                0x0000000008002748                . = ALIGN (0x4)
 *(.rodata)
 *(.rodata*)
 .rodata.OFFSET_TAB_CCMRx
                0x0000000008002748        0x9 ./Src/tim.o
 *fill*         0x0000000008002751        0x3 
 .rodata.SHIFT_TAB_OCxx
                0x0000000008002754        0x9 ./Src/tim.o
                0x0000000008002760                . = ALIGN (0x4)
 *fill*         0x000000000800275d        0x3 

.rel.dyn        0x0000000008002760        0x0
 .rel.iplt      0x0000000008002760        0x0 c:/st/stm32cubeide_1.7.0/stm32cubeide/plugins/com.st.stm32cube.ide.mcu.externaltools.gnu-tools-for-stm32.9-2020-q2-update.win32_2.0.0.202105311346/tools/bin/../lib/gcc/arm-none-eabi/9.3.1/thumb/v7e-m+fp/hard/crtbegin.o

.ARM.extab      0x0000000008002760        0x0
                0x0000000008002760                . = ALIGN (0x4)
 *(.ARM.extab* .gnu.linkonce.armextab.*)
                0x0000000008002760                . = ALIGN (0x4)

.ARM            0x0000000008002760        0x0
                0x0000000008002760                . = ALIGN (0x4)
                0x0000000008002760                __exidx_start = .
 *(.ARM.exidx*)
                0x0000000008002760                __exidx_end = .
                0x0000000008002760                . = ALIGN (0x4)

.preinit_array  0x0000000008002760        0x0
                0x0000000008002760                . = ALIGN (0x4)
                0x0000000008002760                PROVIDE (__preinit_array_start = .)
 *(.preinit_array*)
                0x0000000008002760                PROVIDE (__preinit_array_end = .)
                0x0000000008002760                . = ALIGN (0x4)

.init_array     0x0000000008002760        0x4
                0x0000000008002760                . = ALIGN (0x4)
                0x0000000008002760                PROVIDE (__init_array_start = .)
 *(SORT_BY_NAME(.init_array.*))
 *(.init_array*)
 .init_array    0x0000000008002760        0x4 c:/st/stm32cubeide_1.7.0/stm32cubeide/plugins/com.st.stm32cube.ide.mcu.externaltools.gnu-tools-for-stm32.9-2020-q2-update.win32_2.0.0.202105311346/tools/bin/../lib/gcc/arm-none-eabi/9.3.1/thumb/v7e-m+fp/hard/crtbegin.o
                0x0000000008002764                PROVIDE (__init_array_end = .)
                0x0000000008002764                . = ALIGN (0x4)

.fini_array     0x0000000008002764        0x4
                0x0000000008002764                . = ALIGN (0x4)
                [!provide]                        PROVIDE (__fini_array_start = .)
 *(SORT_BY_NAME(.fini_array.*))
 *(.fini_array*)
 .fini_array    0x0000000008002764        0x4 c:/st/stm32cubeide_1.7.0/stm32cubeide/plugins/com.st.stm32cube.ide.mcu.externaltools.gnu-tools-for-stm32.9-2020-q2-update.win32_2.0.0.202105311346/tools/bin/../lib/gcc/arm-none-eabi/9.3.1/thumb/v7e-m+fp/hard/crtbegin.o
                [!provide]                        PROVIDE (__fini_array_end = .)
                0x0000000008002768                . = ALIGN (0x4)
                0x0000000008002768                _sidata = LOADADDR (.data)

.data           0x0000000020000000       0x1c load address 0x0000000008002768
                0x0000000020000000                . = ALIGN (0x4)
                0x0000000020000000                _sdata = .
 *(.data)
 *(.data*)
 .data.name     0x0000000020000000       0x13 ./Src/main.o
                0x0000000020000000                name
 *fill*         0x0000000020000013        0x1 
 .data.left_to_right
                0x0000000020000014        0x4 ./Src/main.o
                0x0000000020000014                left_to_right
 .data.SystemCoreClock
                0x0000000020000018        0x4 ./Src/system_stm32f3xx.o
                0x0000000020000018                SystemCoreClock
                0x000000002000001c                . = ALIGN (0x4)
                0x000000002000001c                _edata = .

.igot.plt       0x000000002000001c        0x0 load address 0x0000000008002784
 .igot.plt      0x000000002000001c        0x0 c:/st/stm32cubeide_1.7.0/stm32cubeide/plugins/com.st.stm32cube.ide.mcu.externaltools.gnu-tools-for-stm32.9-2020-q2-update.win32_2.0.0.202105311346/tools/bin/../lib/gcc/arm-none-eabi/9.3.1/thumb/v7e-m+fp/hard/crtbegin.o
                0x000000002000001c                . = ALIGN (0x4)

.bss            0x0000000020000020       0x50 load address 0x0000000008002784
                0x0000000020000020                _sbss = .
                0x0000000020000020                __bss_start__ = _sbss
 *(.bss)
 .bss           0x0000000020000020       0x1c c:/st/stm32cubeide_1.7.0/stm32cubeide/plugins/com.st.stm32cube.ide.mcu.externaltools.gnu-tools-for-stm32.9-2020-q2-update.win32_2.0.0.202105311346/tools/bin/../lib/gcc/arm-none-eabi/9.3.1/thumb/v7e-m+fp/hard/crtbegin.o
 *(.bss*)
 .bss.dDisplayData
                0x000000002000003c        0x7 ./Src/display.o
                0x000000002000003c                dDisplayData
 *fill*         0x0000000020000043        0x5 
 .bss.disp_time
                0x0000000020000048        0x8 ./Src/display.o
                0x0000000020000048                disp_time
 .bss.disp_time_saved
                0x0000000020000050        0x8 ./Src/display.o
                0x0000000020000050                disp_time_saved
 .bss.position  0x0000000020000058        0x4 ./Src/main.o
                0x0000000020000058                position
 *(COMMON)
 *fill*         0x000000002000005c        0x4 
 COMMON         0x0000000020000060       0x10 ./Src/main.o
                0x0000000020000060                display
                0x0000000020000068                saved_time
                0x0000000020000070                . = ALIGN (0x4)
                0x0000000020000070                _ebss = .
                0x0000000020000070                __bss_end__ = _ebss

._user_heap_stack
                0x0000000020000070      0x600 load address 0x0000000008002784
                0x0000000020000070                . = ALIGN (0x8)
                0x0000000020000070                PROVIDE (end = .)
                [!provide]                        PROVIDE (_end = .)
                0x0000000020000270                . = (. + _Min_Heap_Size)
 *fill*         0x0000000020000070      0x200 
                0x0000000020000670                . = (. + _Min_Stack_Size)
 *fill*         0x0000000020000270      0x400 
                0x0000000020000670                . = ALIGN (0x8)

/DISCARD/
 libc.a(*)
 libm.a(*)
 libgcc.a(*)

.ARM.attributes
                0x0000000000000000       0x30
 *(.ARM.attributes)
 .ARM.attributes
                0x0000000000000000       0x1e c:/st/stm32cubeide_1.7.0/stm32cubeide/plugins/com.st.stm32cube.ide.mcu.externaltools.gnu-tools-for-stm32.9-2020-q2-update.win32_2.0.0.202105311346/tools/bin/../lib/gcc/arm-none-eabi/9.3.1/thumb/v7e-m+fp/hard/crti.o
 .ARM.attributes
                0x000000000000001e       0x34 c:/st/stm32cubeide_1.7.0/stm32cubeide/plugins/com.st.stm32cube.ide.mcu.externaltools.gnu-tools-for-stm32.9-2020-q2-update.win32_2.0.0.202105311346/tools/bin/../lib/gcc/arm-none-eabi/9.3.1/thumb/v7e-m+fp/hard/crtbegin.o
 .ARM.attributes
                0x0000000000000052       0x34 ./Drivers/STM32F3xx_HAL_Driver/Src/stm32f3xx_ll_gpio.o
 .ARM.attributes
                0x0000000000000086       0x34 ./Drivers/STM32F3xx_HAL_Driver/Src/stm32f3xx_ll_tim.o
 .ARM.attributes
                0x00000000000000ba       0x34 ./Drivers/STM32F3xx_HAL_Driver/Src/stm32f3xx_ll_utils.o
 .ARM.attributes
                0x00000000000000ee       0x34 ./Src/display.o
 .ARM.attributes
                0x0000000000000122       0x34 ./Src/gpio.o
 .ARM.attributes
                0x0000000000000156       0x34 ./Src/main.o
 .ARM.attributes
                0x000000000000018a       0x34 ./Src/stm32f3xx_it.o
 .ARM.attributes
                0x00000000000001be       0x34 ./Src/system_stm32f3xx.o
 .ARM.attributes
                0x00000000000001f2       0x34 ./Src/tim.o
 .ARM.attributes
                0x0000000000000226       0x21 ./Startup/startup_stm32f303k8tx.o
 .ARM.attributes
                0x0000000000000247       0x34 c:/st/stm32cubeide_1.7.0/stm32cubeide/plugins/com.st.stm32cube.ide.mcu.externaltools.gnu-tools-for-stm32.9-2020-q2-update.win32_2.0.0.202105311346/tools/bin/../lib/gcc/arm-none-eabi/9.3.1/../../../../arm-none-eabi/lib/thumb/v7e-m+fp/hard\libc_nano.a(lib_a-init.o)
 .ARM.attributes
                0x000000000000027b       0x34 c:/st/stm32cubeide_1.7.0/stm32cubeide/plugins/com.st.stm32cube.ide.mcu.externaltools.gnu-tools-for-stm32.9-2020-q2-update.win32_2.0.0.202105311346/tools/bin/../lib/gcc/arm-none-eabi/9.3.1/../../../../arm-none-eabi/lib/thumb/v7e-m+fp/hard\libc_nano.a(lib_a-memset.o)
 .ARM.attributes
                0x00000000000002af       0x1e c:/st/stm32cubeide_1.7.0/stm32cubeide/plugins/com.st.stm32cube.ide.mcu.externaltools.gnu-tools-for-stm32.9-2020-q2-update.win32_2.0.0.202105311346/tools/bin/../lib/gcc/arm-none-eabi/9.3.1/thumb/v7e-m+fp/hard/crtn.o
OUTPUT(segment_display.elf elf32-littlearm)
LOAD linker stubs
LOAD c:/st/stm32cubeide_1.7.0/stm32cubeide/plugins/com.st.stm32cube.ide.mcu.externaltools.gnu-tools-for-stm32.9-2020-q2-update.win32_2.0.0.202105311346/tools/bin/../lib/gcc/arm-none-eabi/9.3.1/../../../../arm-none-eabi/lib/thumb/v7e-m+fp/hard\libc.a
LOAD c:/st/stm32cubeide_1.7.0/stm32cubeide/plugins/com.st.stm32cube.ide.mcu.externaltools.gnu-tools-for-stm32.9-2020-q2-update.win32_2.0.0.202105311346/tools/bin/../lib/gcc/arm-none-eabi/9.3.1/../../../../arm-none-eabi/lib/thumb/v7e-m+fp/hard\libm.a
LOAD c:/st/stm32cubeide_1.7.0/stm32cubeide/plugins/com.st.stm32cube.ide.mcu.externaltools.gnu-tools-for-stm32.9-2020-q2-update.win32_2.0.0.202105311346/tools/bin/../lib/gcc/arm-none-eabi/9.3.1/thumb/v7e-m+fp/hard\libgcc.a

.debug_info     0x0000000000000000     0x5b0e
 .debug_info    0x0000000000000000      0x7ce ./Drivers/STM32F3xx_HAL_Driver/Src/stm32f3xx_ll_gpio.o
 .debug_info    0x00000000000007ce     0x1093 ./Drivers/STM32F3xx_HAL_Driver/Src/stm32f3xx_ll_tim.o
 .debug_info    0x0000000000001861      0x87b ./Drivers/STM32F3xx_HAL_Driver/Src/stm32f3xx_ll_utils.o
 .debug_info    0x00000000000020dc     0x1203 ./Src/display.o
 .debug_info    0x00000000000032df      0x43a ./Src/gpio.o
 .debug_info    0x0000000000003719     0x112b ./Src/main.o
 .debug_info    0x0000000000004844      0x279 ./Src/stm32f3xx_it.o
 .debug_info    0x0000000000004abd      0x439 ./Src/system_stm32f3xx.o
 .debug_info    0x0000000000004ef6      0xbf6 ./Src/tim.o
 .debug_info    0x0000000000005aec       0x22 ./Startup/startup_stm32f303k8tx.o

.debug_abbrev   0x0000000000000000     0x11a2
 .debug_abbrev  0x0000000000000000      0x23b ./Drivers/STM32F3xx_HAL_Driver/Src/stm32f3xx_ll_gpio.o
 .debug_abbrev  0x000000000000023b      0x22b ./Drivers/STM32F3xx_HAL_Driver/Src/stm32f3xx_ll_tim.o
 .debug_abbrev  0x0000000000000466      0x293 ./Drivers/STM32F3xx_HAL_Driver/Src/stm32f3xx_ll_utils.o
 .debug_abbrev  0x00000000000006f9      0x2aa ./Src/display.o
 .debug_abbrev  0x00000000000009a3      0x17d ./Src/gpio.o
 .debug_abbrev  0x0000000000000b20      0x2b1 ./Src/main.o
 .debug_abbrev  0x0000000000000dd1       0xad ./Src/stm32f3xx_it.o
 .debug_abbrev  0x0000000000000e7e      0x129 ./Src/system_stm32f3xx.o
 .debug_abbrev  0x0000000000000fa7      0x1e9 ./Src/tim.o
 .debug_abbrev  0x0000000000001190       0x12 ./Startup/startup_stm32f303k8tx.o

.debug_aranges  0x0000000000000000      0x680
 .debug_aranges
                0x0000000000000000       0x70 ./Drivers/STM32F3xx_HAL_Driver/Src/stm32f3xx_ll_gpio.o
 .debug_aranges
                0x0000000000000070      0x148 ./Drivers/STM32F3xx_HAL_Driver/Src/stm32f3xx_ll_tim.o
 .debug_aranges
                0x00000000000001b8       0xf0 ./Drivers/STM32F3xx_HAL_Driver/Src/stm32f3xx_ll_utils.o
 .debug_aranges
                0x00000000000002a8      0x1d0 ./Src/display.o
 .debug_aranges
                0x0000000000000478       0x30 ./Src/gpio.o
 .debug_aranges
                0x00000000000004a8       0xa8 ./Src/main.o
 .debug_aranges
                0x0000000000000550       0x60 ./Src/stm32f3xx_it.o
 .debug_aranges
                0x00000000000005b0       0x28 ./Src/system_stm32f3xx.o
 .debug_aranges
                0x00000000000005d8       0x80 ./Src/tim.o
 .debug_aranges
                0x0000000000000658       0x28 ./Startup/startup_stm32f303k8tx.o

.debug_ranges   0x0000000000000000      0x5e8
 .debug_ranges  0x0000000000000000       0x60 ./Drivers/STM32F3xx_HAL_Driver/Src/stm32f3xx_ll_gpio.o
 .debug_ranges  0x0000000000000060      0x138 ./Drivers/STM32F3xx_HAL_Driver/Src/stm32f3xx_ll_tim.o
 .debug_ranges  0x0000000000000198       0xe0 ./Drivers/STM32F3xx_HAL_Driver/Src/stm32f3xx_ll_utils.o
 .debug_ranges  0x0000000000000278      0x1c0 ./Src/display.o
 .debug_ranges  0x0000000000000438       0x20 ./Src/gpio.o
 .debug_ranges  0x0000000000000458       0x98 ./Src/main.o
 .debug_ranges  0x00000000000004f0       0x50 ./Src/stm32f3xx_it.o
 .debug_ranges  0x0000000000000540       0x18 ./Src/system_stm32f3xx.o
 .debug_ranges  0x0000000000000558       0x70 ./Src/tim.o
 .debug_ranges  0x00000000000005c8       0x20 ./Startup/startup_stm32f303k8tx.o

.debug_macro    0x0000000000000000     0x35f1
 .debug_macro   0x0000000000000000      0x10c ./Drivers/STM32F3xx_HAL_Driver/Src/stm32f3xx_ll_gpio.o
 .debug_macro   0x000000000000010c      0x149 ./Drivers/STM32F3xx_HAL_Driver/Src/stm32f3xx_ll_gpio.o
 .debug_macro   0x0000000000000255       0xe5 ./Drivers/STM32F3xx_HAL_Driver/Src/stm32f3xx_ll_gpio.o
 .debug_macro   0x000000000000033a      0x179 ./Drivers/STM32F3xx_HAL_Driver/Src/stm32f3xx_ll_tim.o
 .debug_macro   0x00000000000004b3      0x800 ./Drivers/STM32F3xx_HAL_Driver/Src/stm32f3xx_ll_tim.o
 .debug_macro   0x0000000000000cb3      0x14a ./Drivers/STM32F3xx_HAL_Driver/Src/stm32f3xx_ll_utils.o
 .debug_macro   0x0000000000000dfd       0x30 ./Drivers/STM32F3xx_HAL_Driver/Src/stm32f3xx_ll_utils.o
 .debug_macro   0x0000000000000e2d      0x2a5 ./Drivers/STM32F3xx_HAL_Driver/Src/stm32f3xx_ll_utils.o
 .debug_macro   0x00000000000010d2       0xaf ./Drivers/STM32F3xx_HAL_Driver/Src/stm32f3xx_ll_utils.o
 .debug_macro   0x0000000000001181      0x2d6 ./Src/display.o
 .debug_macro   0x0000000000001457      0x102 ./Src/display.o
 .debug_macro   0x0000000000001559       0x28 ./Src/display.o
 .debug_macro   0x0000000000001581      0x287 ./Src/display.o
 .debug_macro   0x0000000000001808      0x806 ./Src/display.o
 .debug_macro   0x000000000000200e      0x14f ./Src/display.o
 .debug_macro   0x000000000000215d       0x22 ./Src/display.o
 .debug_macro   0x000000000000217f       0x52 ./Src/display.o
 .debug_macro   0x00000000000021d1       0x18 ./Src/display.o
 .debug_macro   0x00000000000021e9       0x3c ./Src/display.o
 .debug_macro   0x0000000000002225       0x34 ./Src/display.o
 .debug_macro   0x0000000000002259       0x16 ./Src/display.o
 .debug_macro   0x000000000000226f       0x97 ./Src/display.o
 .debug_macro   0x0000000000002306      0x339 ./Src/display.o
 .debug_macro   0x000000000000263f       0xfd ./Src/display.o
 .debug_macro   0x000000000000273c       0x10 ./Src/display.o
 .debug_macro   0x000000000000274c       0x16 ./Src/display.o
 .debug_macro   0x0000000000002762       0x43 ./Src/display.o
 .debug_macro   0x00000000000027a5       0x34 ./Src/display.o
 .debug_macro   0x00000000000027d9       0x10 ./Src/display.o
 .debug_macro   0x00000000000027e9       0x58 ./Src/display.o
 .debug_macro   0x0000000000002841       0x71 ./Src/display.o
 .debug_macro   0x00000000000028b2       0x1c ./Src/display.o
 .debug_macro   0x00000000000028ce      0x12a ./Src/display.o
 .debug_macro   0x00000000000029f8       0x10 ./Src/display.o
 .debug_macro   0x0000000000002a08       0x1c ./Src/display.o
 .debug_macro   0x0000000000002a24       0x52 ./Src/display.o
 .debug_macro   0x0000000000002a76       0x22 ./Src/display.o
 .debug_macro   0x0000000000002a98       0x10 ./Src/display.o
 .debug_macro   0x0000000000002aa8       0x40 ./Src/display.o
 .debug_macro   0x0000000000002ae8       0xd5 ./Src/display.o
 .debug_macro   0x0000000000002bbd       0x1c ./Src/display.o
 .debug_macro   0x0000000000002bd9       0x3d ./Src/display.o
 .debug_macro   0x0000000000002c16       0x16 ./Src/display.o
 .debug_macro   0x0000000000002c2c      0x145 ./Src/display.o
 .debug_macro   0x0000000000002d71       0x16 ./Src/display.o
 .debug_macro   0x0000000000002d87       0x35 ./Src/display.o
 .debug_macro   0x0000000000002dbc       0x20 ./Src/display.o
 .debug_macro   0x0000000000002ddc       0x82 ./Src/display.o
 .debug_macro   0x0000000000002e5e      0x143 ./Src/gpio.o
 .debug_macro   0x0000000000002fa1      0x2ee ./Src/main.o
 .debug_macro   0x000000000000328f      0x143 ./Src/stm32f3xx_it.o
 .debug_macro   0x00000000000033d2       0xdc ./Src/system_stm32f3xx.o
 .debug_macro   0x00000000000034ae      0x143 ./Src/tim.o

.debug_line     0x0000000000000000     0x4ebc
 .debug_line    0x0000000000000000      0x755 ./Drivers/STM32F3xx_HAL_Driver/Src/stm32f3xx_ll_gpio.o
 .debug_line    0x0000000000000755      0xbda ./Drivers/STM32F3xx_HAL_Driver/Src/stm32f3xx_ll_tim.o
 .debug_line    0x000000000000132f      0x8fd ./Drivers/STM32F3xx_HAL_Driver/Src/stm32f3xx_ll_utils.o
 .debug_line    0x0000000000001c2c      0xec4 ./Src/display.o
 .debug_line    0x0000000000002af0      0x5dd ./Src/gpio.o
 .debug_line    0x00000000000030cd      0xa61 ./Src/main.o
 .debug_line    0x0000000000003b2e      0x637 ./Src/stm32f3xx_it.o
 .debug_line    0x0000000000004165      0x4fd ./Src/system_stm32f3xx.o
 .debug_line    0x0000000000004662      0x7d9 ./Src/tim.o
 .debug_line    0x0000000000004e3b       0x81 ./Startup/startup_stm32f303k8tx.o

.debug_str      0x0000000000000000    0x75d8b
 .debug_str     0x0000000000000000    0x646af ./Drivers/STM32F3xx_HAL_Driver/Src/stm32f3xx_ll_gpio.o
                                      0x64860 (size before relaxing)
 .debug_str     0x00000000000646af     0x5cde ./Drivers/STM32F3xx_HAL_Driver/Src/stm32f3xx_ll_tim.o
                                      0x6977c (size before relaxing)
 .debug_str     0x000000000006a38d     0x5087 ./Drivers/STM32F3xx_HAL_Driver/Src/stm32f3xx_ll_utils.o
                                      0x68542 (size before relaxing)
 .debug_str     0x000000000006f414     0x61fe ./Src/display.o
                                      0x7272a (size before relaxing)
 .debug_str     0x0000000000075612       0x45 ./Src/gpio.o
                                      0x6dd88 (size before relaxing)
 .debug_str     0x0000000000075657      0x188 ./Src/main.o
                                      0x726ad (size before relaxing)
 .debug_str     0x00000000000757df       0xb8 ./Src/stm32f3xx_it.o
                                      0x6dd1e (size before relaxing)
 .debug_str     0x0000000000075897       0xaa ./Src/system_stm32f3xx.o
                                      0x63542 (size before relaxing)
 .debug_str     0x0000000000075941      0x419 ./Src/tim.o
                                      0x6e370 (size before relaxing)
 .debug_str     0x0000000000075d5a       0x31 ./Startup/startup_stm32f303k8tx.o
                                         0x7e (size before relaxing)

.comment        0x0000000000000000       0x53
 .comment       0x0000000000000000       0x53 ./Drivers/STM32F3xx_HAL_Driver/Src/stm32f3xx_ll_gpio.o
                                         0x54 (size before relaxing)
 .comment       0x0000000000000053       0x54 ./Drivers/STM32F3xx_HAL_Driver/Src/stm32f3xx_ll_tim.o
 .comment       0x0000000000000053       0x54 ./Drivers/STM32F3xx_HAL_Driver/Src/stm32f3xx_ll_utils.o
 .comment       0x0000000000000053       0x54 ./Src/display.o
 .comment       0x0000000000000053       0x54 ./Src/gpio.o
 .comment       0x0000000000000053       0x54 ./Src/main.o
 .comment       0x0000000000000053       0x54 ./Src/stm32f3xx_it.o
 .comment       0x0000000000000053       0x54 ./Src/system_stm32f3xx.o
 .comment       0x0000000000000053       0x54 ./Src/tim.o

.debug_frame    0x0000000000000000     0x18b8
 .debug_frame   0x0000000000000000      0x1c0 ./Drivers/STM32F3xx_HAL_Driver/Src/stm32f3xx_ll_gpio.o
 .debug_frame   0x00000000000001c0      0x5d0 ./Drivers/STM32F3xx_HAL_Driver/Src/stm32f3xx_ll_tim.o
 .debug_frame   0x0000000000000790      0x3dc ./Drivers/STM32F3xx_HAL_Driver/Src/stm32f3xx_ll_utils.o
 .debug_frame   0x0000000000000b6c      0x668 ./Src/display.o
 .debug_frame   0x00000000000011d4       0x84 ./Src/gpio.o
 .debug_frame   0x0000000000001258      0x29c ./Src/main.o
 .debug_frame   0x00000000000014f4      0x110 ./Src/stm32f3xx_it.o
 .debug_frame   0x0000000000001604       0x58 ./Src/system_stm32f3xx.o
 .debug_frame   0x000000000000165c      0x210 ./Src/tim.o
 .debug_frame   0x000000000000186c       0x2c c:/st/stm32cubeide_1.7.0/stm32cubeide/plugins/com.st.stm32cube.ide.mcu.externaltools.gnu-tools-for-stm32.9-2020-q2-update.win32_2.0.0.202105311346/tools/bin/../lib/gcc/arm-none-eabi/9.3.1/../../../../arm-none-eabi/lib/thumb/v7e-m+fp/hard\libc_nano.a(lib_a-init.o)
 .debug_frame   0x0000000000001898       0x20 c:/st/stm32cubeide_1.7.0/stm32cubeide/plugins/com.st.stm32cube.ide.mcu.externaltools.gnu-tools-for-stm32.9-2020-q2-update.win32_2.0.0.202105311346/tools/bin/../lib/gcc/arm-none-eabi/9.3.1/../../../../arm-none-eabi/lib/thumb/v7e-m+fp/hard\libc_nano.a(lib_a-memset.o)
