stm32f3xx_ll_tim.h:3971:22:LL_TIM_ClearFlag_UPDATE	16	static
stm32f3xx_ll_tim.h:3982:26:LL_TIM_IsActiveFlag_UPDATE	16	static
stm32f3xx_ll_gpio.h:895:22:LL_GPIO_SetOutputPin	16	static
stm32f3xx_ll_gpio.h:924:22:LL_GPIO_ResetOutputPin	16	static
display.c:17:6:resetSegments	8	static
display.c:30:6:setSegments	8	static
display.c:43:6:resetDigits	8	static
display.c:53:6:setDigits	8	static
display.c:62:6:setDecimalPoint	8	static
display.c:68:6:setOne	8	static
display.c:75:6:setTwo	8	static
display.c:85:6:setThree	8	static
display.c:95:6:setFour	8	static
display.c:104:6:setFive	8	static
display.c:114:6:setSix	8	static
display.c:125:6:setSeven	8	static
display.c:133:6:setEight	8	static
display.c:145:6:setNine	8	static
display.c:155:6:setZero	8	static
display.c:166:6:setCapital_a	8	static
display.c:177:6:setSmall_a	8	static
display.c:188:6:setSmall_b	8	static
display.c:198:6:setCapital_c	8	static
display.c:207:6:setSmall_c	8	static
display.c:215:6:setSmall_d	8	static
display.c:225:6:setCapital_e	8	static
display.c:235:6:setCapital_f	8	static
display.c:244:6:setCapital_g	8	static
display.c:254:6:setCapital_h	8	static
display.c:264:6:setSmall_h	8	static
display.c:273:6:setCapital_i	8	static
display.c:280:6:setCapital_j	8	static
display.c:289:6:setCapital_l	8	static
display.c:297:6:setSmall_n	8	static
display.c:305:6:setCapital_o	8	static
display.c:316:6:setSmall_o	8	static
display.c:325:6:setCapital_p	8	static
display.c:335:6:setSmall_q	8	static
display.c:345:6:setSmall_r	8	static
display.c:352:6:setCapital_s	8	static
display.c:362:6:setSmall_t	8	static
display.c:371:6:setCapital_u	8	static
display.c:381:6:setSmall_u	8	static
display.c:389:6:setSmall_y	8	static
display.c:399:6:setCapital_k	8	static
display.c:409:6:setCapital_m	8	static
display.c:417:6:setCapital_v	8	static
display.c:426:6:setCapital_w	8	static
display.c:434:6:setCapital_x	8	static
display.c:444:6:setCapital_z	8	static
display.c:454:6:setUnderline	8	static
display.c:462:6:displayName	24	static
display.c:477:6:setDigit	16	static
display.c:500:6:updateDisplay	24	static
display.c:691:6:TIM3_IRQHandler	8	static
